Microsoft Windows [Version 10.0.16299.64]
(c) 2017 Microsoft Corporation. All rights reserved.

C:\Users\User>cd..

C:\Users>cd..

C:\>cd "Program Files"

C:\Program Files>cd MySQL

C:\Program Files\MySQL>cd "MySQL Server 5.7"

C:\Program Files\MySQL\MySQL Server 5.7>dc bin
'dc' is not recognized as an internal or external command,
operable program or batch file.

C:\Program Files\MySQL\MySQL Server 5.7>cd bin

C:\Program Files\MySQL\MySQL Server 5.7\bin>mysql -u aerol -p
Enter password: *****
Welcome to the MySQL monitor.  Commands end with ; or \g.
Your MySQL connection id is 41
Server version: 5.7.19-log MySQL Community Server (GPL)

Copyright (c) 2000, 2017, Oracle and/or its affiliates. All rights reserved.

Oracle is a registered trademark of Oracle Corporation and/or its
affiliates. Other names may be trademarks of their respective
owners.

Type 'help;' or '\h' for help. Type '\c' to clear the current input statement.

mysql> update mysql.user set password = PASSWORD('gomen') where user = 'bea';
ERROR 1142 (42000): UPDATE command denied to user 'aerol'@'localhost' for table 'user'
mysql> exit
Bye

C:\Program Files\MySQL\MySQL Server 5.7\bin>mysql -u bea -p
Enter password: ***
Welcome to the MySQL monitor.  Commands end with ; or \g.
Your MySQL connection id is 42
Server version: 5.7.19-log MySQL Community Server (GPL)

Copyright (c) 2000, 2017, Oracle and/or its affiliates. All rights reserved.

Oracle is a registered trademark of Oracle Corporation and/or its
affiliates. Other names may be trademarks of their respective
owners.

Type 'help;' or '\h' for help. Type '\c' to clear the current input statement.

mysql> update mysql.user set password = PASSWORD('gomen') where user = 'aerol';
ERROR 1054 (42S22): Unknown column 'password' in 'field list'
mysql> update mysql.user set user = 'aerol', password = PASSWORD('gomen') where user = 'aerol';
ERROR 1054 (42S22): Unknown column 'password' in 'field list'
mysql> UPDATE mysql.user SET authentication_string = password('gomen') WHERE User = 'aerol';
Query OK, 1 row affected, 1 warning (0.08 sec)
Rows matched: 1  Changed: 1  Warnings: 1

mysql> exit
Bye

C:\Program Files\MySQL\MySQL Server 5.7\bin>mysql -u aerol -p
Enter password: *****
Welcome to the MySQL monitor.  Commands end with ; or \g.
Your MySQL connection id is 43
Server version: 5.7.19-log MySQL Community Server (GPL)

Copyright (c) 2000, 2017, Oracle and/or its affiliates. All rights reserved.

Oracle is a registered trademark of Oracle Corporation and/or its
affiliates. Other names may be trademarks of their respective
owners.

Type 'help;' or '\h' for help. Type '\c' to clear the current input statement.

mysql> exit
Bye

C:\Program Files\MySQL\MySQL Server 5.7\bin>mysql -u aerol -p
Enter password: *****
Welcome to the MySQL monitor.  Commands end with ; or \g.
Your MySQL connection id is 44
Server version: 5.7.19-log MySQL Community Server (GPL)

Copyright (c) 2000, 2017, Oracle and/or its affiliates. All rights reserved.

Oracle is a registered trademark of Oracle Corporation and/or its
affiliates. Other names may be trademarks of their respective
owners.

Type 'help;' or '\h' for help. Type '\c' to clear the current input statement.

mysql> exit
Bye

C:\Program Files\MySQL\MySQL Server 5.7\bin>mysql -u bea -p
Enter password: ***
Welcome to the MySQL monitor.  Commands end with ; or \g.
Your MySQL connection id is 45
Server version: 5.7.19-log MySQL Community Server (GPL)

Copyright (c) 2000, 2017, Oracle and/or its affiliates. All rights reserved.

Oracle is a registered trademark of Oracle Corporation and/or its
affiliates. Other names may be trademarks of their respective
owners.

Type 'help;' or '\h' for help. Type '\c' to clear the current input statement.

mysql> UPDATE mysql.user SET authentication_string = password('gomen') WHERE User = 'aerol';
Query OK, 0 rows affected, 1 warning (0.00 sec)
Rows matched: 1  Changed: 0  Warnings: 1

mysql> FLUSH PRIVILEGES;
ERROR 1227 (42000): Access denied; you need (at least one of) the RELOAD privilege(s) for this operation
mysql> exit
Bye

C:\Program Files\MySQL\MySQL Server 5.7\bin>mysql -u bea -p
Enter password: ***
Welcome to the MySQL monitor.  Commands end with ; or \g.
Your MySQL connection id is 100
Server version: 5.7.19-log MySQL Community Server (GPL)

Copyright (c) 2000, 2017, Oracle and/or its affiliates. All rights reserved.

Oracle is a registered trademark of Oracle Corporation and/or its
affiliates. Other names may be trademarks of their respective
owners.

Type 'help;' or '\h' for help. Type '\c' to clear the current input statement.

mysql> UPDATE mysql.user SET authentication_string = password('gomen') WHERE User = 'aerol';
Query OK, 0 rows affected, 1 warning (0.00 sec)
Rows matched: 1  Changed: 0  Warnings: 1

mysql> FLUSH PRIVILEGES;
Query OK, 0 rows affected (0.02 sec)

mysql> exit
Bye

C:\Program Files\MySQL\MySQL Server 5.7\bin>mysql -u aerol -p
Enter password: *****
ERROR 1045 (28000): Access denied for user 'aerol'@'localhost' (using password: YES)

C:\Program Files\MySQL\MySQL Server 5.7\bin>mysql -u aerol -p
Enter password: *****
Welcome to the MySQL monitor.  Commands end with ; or \g.
Your MySQL connection id is 102
Server version: 5.7.19-log MySQL Community Server (GPL)

Copyright (c) 2000, 2017, Oracle and/or its affiliates. All rights reserved.

Oracle is a registered trademark of Oracle Corporation and/or its
affiliates. Other names may be trademarks of their respective
owners.

Type 'help;' or '\h' for help. Type '\c' to clear the current input statement.

mysql> exit
Bye

C:\Program Files\MySQL\MySQL Server 5.7\bin>